// Jest Snapshot v1, https://goo.gl/fbAQLP

exports[`should render CheckoutPage component 1`] = `
<div
  className="checkout-page"
>
  <div
    className="checkout-header"
  >
    <div
      className="header-block"
    >
      <span>
        Product
      </span>
    </div>
    <div
      className="header-block"
    >
      <span>
        Description
      </span>
    </div>
    <div
      className="header-block"
    >
      <span>
        Quantity
      </span>
    </div>
    <div
      className="header-block"
    >
      <span>
        Price
      </span>
    </div>
    <div
      className="header-block"
    >
      <span>
        Remove
      </span>
    </div>
  </div>
  <div
    className="total"
  >
    <span>
       TOTAL: $
      100
       
    </span>
  </div>
  <div
    className="test-warning"
  >
    *Please use the following test credit cart for payments*
    <br />
    4242 4242 4242 4242 - Exp: 12/20 - CVC: 123
  </div>
  <button
    className="StripeCheckout"
    onBlur={[Function]}
    onClick={[Function]}
    onFocus={[Function]}
    onMouseDown={[Function]}
    onMouseOut={[Function]}
    onMouseUp={[Function]}
    style={
      Object {
        "background": "linear-gradient(#28a0e5,#015e94)",
        "border": 0,
        "borderRadius": 5,
        "boxShadow": "0 1px 0 rgba(0,0,0,0.2)",
        "cursor": "pointer",
        "display": "inline-block",
        "overflow": "hidden",
        "padding": 1,
        "textDecoration": "none",
        "userSelect": "none",
        "visibility": "visible",
      }
    }
  >
    <span
      style={
        Object {
          "backgroundImage": "linear-gradient(#7dc5ee,#008cdd 85%,#30a2e4)",
          "borderRadius": 4,
          "boxShadow": "inset 0 1px 0 rgba(255,255,255,0.25)",
          "color": "#fff",
          "display": "block",
          "fontFamily": "\\"Helvetica Neue\\",Helvetica,Arial,sans-serif",
          "fontSize": 14,
          "fontWeight": "bold",
          "height": 30,
          "lineHeight": "30px",
          "padding": "0 12px",
          "position": "relative",
          "textShadow": "0 -1px 0 rgba(0,0,0,0.25)",
        }
      }
    >
      Pay Now
    </span>
  </button>
</div>
`;
