// Jest Snapshot v1, https://goo.gl/fbAQLP

exports[`CartDropdown component should render cartDropdown component 1`] = `ShallowWrapper {}`;
