// Jest Snapshot v1, https://goo.gl/fbAQLP

exports[`should render HomePage coponent 1`] = `ShallowWrapper {}`;
