// Jest Snapshot v1, https://goo.gl/fbAQLP

exports[`CartIcon Component should render CartIcon Component 1`] = `ShallowWrapper {}`;
